// Jest Snapshot v1, https://goo.gl/fbAQLP

exports[`should render NotFoundPage 1`] = `
<div>
  This is NotFoundPage 404 - 
  <Link
    replace={false}
    to="/"
  >
    Go home
  </Link>
</div>
`;
